Archive member included to satisfy reference by file (symbol)

c:/program files (x86)/atollic/truestudio for stm32 9.3.0/armtools/bin/../lib/gcc/arm-atollic-eabi/6.3.1/../../../../arm-atollic-eabi/lib/armv7-m\libc_nano.a(lib_a-errno.o)
                              User\src\syscalls.o (__errno)
c:/program files (x86)/atollic/truestudio for stm32 9.3.0/armtools/bin/../lib/gcc/arm-atollic-eabi/6.3.1/../../../../arm-atollic-eabi/lib/armv7-m\libc_nano.a(lib_a-impure.o)
                              c:/program files (x86)/atollic/truestudio for stm32 9.3.0/armtools/bin/../lib/gcc/arm-atollic-eabi/6.3.1/../../../../arm-atollic-eabi/lib/armv7-m\libc_nano.a(lib_a-errno.o) (_impure_ptr)

Discarded input sections

 .text          0x00000000       0x14 CMSIS\Device\ST\STM32F1xx\Source\Templates\gcc\startup_stm32f100xb.o
 .data          0x00000000        0x0 CMSIS\Device\ST\STM32F1xx\Source\Templates\gcc\startup_stm32f100xb.o
 .bss           0x00000000        0x0 CMSIS\Device\ST\STM32F1xx\Source\Templates\gcc\startup_stm32f100xb.o
 .bss           0x00000000        0x0 CMSIS\Device\ST\STM32F1xx\Source\Templates\system_stm32f1xx.o
 .text          0x00000000       0xa8 User\src\clk.o
 .data          0x00000000        0x0 User\src\clk.o
 .bss           0x00000000        0x0 User\src\clk.o
 .debug_info    0x00000000      0x1dd User\src\clk.o
 .debug_abbrev  0x00000000       0xc9 User\src\clk.o
 .debug_aranges
                0x00000000       0x20 User\src\clk.o
 .debug_line    0x00000000      0x1ee User\src\clk.o
 .debug_str     0x00000000      0x20d User\src\clk.o
 .comment       0x00000000       0x7d User\src\clk.o
 .debug_frame   0x00000000       0x30 User\src\clk.o
 .ARM.attributes
                0x00000000       0x33 User\src\clk.o
 .data          0x00000000        0x0 User\src\gpio.o
 .bss           0x00000000        0x0 User\src\gpio.o
 .data          0x00000000        0x0 User\src\main.o
 .bss           0x00000000        0x0 User\src\main.o
 .text          0x00000000      0x25c User\src\syscalls.o
 .data          0x00000000        0x4 User\src\syscalls.o
 .bss           0x00000000        0x8 User\src\syscalls.o
 .debug_info    0x00000000      0xf16 User\src\syscalls.o
 .debug_abbrev  0x00000000      0x271 User\src\syscalls.o
 .debug_aranges
                0x00000000       0x20 User\src\syscalls.o
 .debug_line    0x00000000      0x2cf User\src\syscalls.o
 .debug_str     0x00000000      0x808 User\src\syscalls.o
 .comment       0x00000000       0x7d User\src\syscalls.o
 .debug_frame   0x00000000      0x2d4 User\src\syscalls.o
 .ARM.attributes
                0x00000000       0x33 User\src\syscalls.o
 .text          0x00000000        0x0 c:/program files (x86)/atollic/truestudio for stm32 9.3.0/armtools/bin/../lib/gcc/arm-atollic-eabi/6.3.1/../../../../arm-atollic-eabi/lib/armv7-m\libc_nano.a(lib_a-errno.o)
 .data          0x00000000        0x0 c:/program files (x86)/atollic/truestudio for stm32 9.3.0/armtools/bin/../lib/gcc/arm-atollic-eabi/6.3.1/../../../../arm-atollic-eabi/lib/armv7-m\libc_nano.a(lib_a-errno.o)
 .bss           0x00000000        0x0 c:/program files (x86)/atollic/truestudio for stm32 9.3.0/armtools/bin/../lib/gcc/arm-atollic-eabi/6.3.1/../../../../arm-atollic-eabi/lib/armv7-m\libc_nano.a(lib_a-errno.o)
 .text.__errno  0x00000000        0xc c:/program files (x86)/atollic/truestudio for stm32 9.3.0/armtools/bin/../lib/gcc/arm-atollic-eabi/6.3.1/../../../../arm-atollic-eabi/lib/armv7-m\libc_nano.a(lib_a-errno.o)
 .debug_frame   0x00000000       0x20 c:/program files (x86)/atollic/truestudio for stm32 9.3.0/armtools/bin/../lib/gcc/arm-atollic-eabi/6.3.1/../../../../arm-atollic-eabi/lib/armv7-m\libc_nano.a(lib_a-errno.o)
 .ARM.attributes
                0x00000000       0x2d c:/program files (x86)/atollic/truestudio for stm32 9.3.0/armtools/bin/../lib/gcc/arm-atollic-eabi/6.3.1/../../../../arm-atollic-eabi/lib/armv7-m\libc_nano.a(lib_a-errno.o)
 .text          0x00000000        0x0 c:/program files (x86)/atollic/truestudio for stm32 9.3.0/armtools/bin/../lib/gcc/arm-atollic-eabi/6.3.1/../../../../arm-atollic-eabi/lib/armv7-m\libc_nano.a(lib_a-impure.o)
 .data          0x00000000        0x0 c:/program files (x86)/atollic/truestudio for stm32 9.3.0/armtools/bin/../lib/gcc/arm-atollic-eabi/6.3.1/../../../../arm-atollic-eabi/lib/armv7-m\libc_nano.a(lib_a-impure.o)
 .bss           0x00000000        0x0 c:/program files (x86)/atollic/truestudio for stm32 9.3.0/armtools/bin/../lib/gcc/arm-atollic-eabi/6.3.1/../../../../arm-atollic-eabi/lib/armv7-m\libc_nano.a(lib_a-impure.o)
 .data._impure_ptr
                0x00000000        0x4 c:/program files (x86)/atollic/truestudio for stm32 9.3.0/armtools/bin/../lib/gcc/arm-atollic-eabi/6.3.1/../../../../arm-atollic-eabi/lib/armv7-m\libc_nano.a(lib_a-impure.o)
 .data.impure_data
                0x00000000       0x60 c:/program files (x86)/atollic/truestudio for stm32 9.3.0/armtools/bin/../lib/gcc/arm-atollic-eabi/6.3.1/../../../../arm-atollic-eabi/lib/armv7-m\libc_nano.a(lib_a-impure.o)
 .rodata._global_impure_ptr
                0x00000000        0x4 c:/program files (x86)/atollic/truestudio for stm32 9.3.0/armtools/bin/../lib/gcc/arm-atollic-eabi/6.3.1/../../../../arm-atollic-eabi/lib/armv7-m\libc_nano.a(lib_a-impure.o)
 .ARM.attributes
                0x00000000       0x2d c:/program files (x86)/atollic/truestudio for stm32 9.3.0/armtools/bin/../lib/gcc/arm-atollic-eabi/6.3.1/../../../../arm-atollic-eabi/lib/armv7-m\libc_nano.a(lib_a-impure.o)

Memory Configuration

Name             Origin             Length             Attributes
FLASH            0x08000000         0x00020000         xr
RAM              0x20000000         0x00002000         xrw
MEMORY_B1        0x60000000         0x00000000         xr
*default*        0x00000000         0xffffffff

Linker script and memory map

LOAD CMSIS\Device\ST\STM32F1xx\Source\Templates\gcc\startup_stm32f100xb.o
LOAD CMSIS\Device\ST\STM32F1xx\Source\Templates\system_stm32f1xx.o
LOAD User\src\clk.o
LOAD User\src\gpio.o
LOAD User\src\main.o
LOAD User\src\syscalls.o
                0x00000080                malloc_getpagesize_P = 0x80
START GROUP
LOAD c:/program files (x86)/atollic/truestudio for stm32 9.3.0/armtools/bin/../lib/gcc/arm-atollic-eabi/6.3.1/../../../../arm-atollic-eabi/lib/armv7-m\libc_nano.a
LOAD c:/program files (x86)/atollic/truestudio for stm32 9.3.0/armtools/bin/../lib/gcc/arm-atollic-eabi/6.3.1/../../../../arm-atollic-eabi/lib/armv7-m\libm.a
END GROUP
                0x20002000                _estack = 0x20002000
                0x00000000                _Min_Heap_Size = 0x0
                0x00000080                _Min_Stack_Size = 0x80

.isr_vector     0x08000000      0x1d0
                0x08000000                . = ALIGN (0x4)
 *(.isr_vector)
 .isr_vector    0x08000000      0x1d0 CMSIS\Device\ST\STM32F1xx\Source\Templates\gcc\startup_stm32f100xb.o
                0x08000000                g_pfnVectors
                0x080001d0                . = ALIGN (0x4)

.text           0x080001d0      0x224
                0x080001d0                . = ALIGN (0x4)
 *(.text)
 .text          0x080001d0      0x144 CMSIS\Device\ST\STM32F1xx\Source\Templates\system_stm32f1xx.o
                0x080001d0                SystemInit
                0x08000240                SystemCoreClockUpdate
 .text          0x08000314       0x38 User\src\gpio.o
                0x08000314                GPIO_Init
 .text          0x0800034c       0x60 User\src\main.o
                0x0800034c                main
                0x0800037c                Delay
 *(.text*)
 .text.Reset_Handler
                0x080003ac       0x44 CMSIS\Device\ST\STM32F1xx\Source\Templates\gcc\startup_stm32f100xb.o
                0x080003ac                Reset_Handler
 .text.Default_Handler
                0x080003f0        0x2 CMSIS\Device\ST\STM32F1xx\Source\Templates\gcc\startup_stm32f100xb.o
                0x080003f0                RTC_Alarm_IRQHandler
                0x080003f0                EXTI2_IRQHandler
                0x080003f0                DebugMon_Handler
                0x080003f0                TIM1_CC_IRQHandler
                0x080003f0                HardFault_Handler
                0x080003f0                SysTick_Handler
                0x080003f0                PVD_IRQHandler
                0x080003f0                PendSV_Handler
                0x080003f0                NMI_Handler
                0x080003f0                EXTI3_IRQHandler
                0x080003f0                EXTI0_IRQHandler
                0x080003f0                TIM1_UP_TIM16_IRQHandler
                0x080003f0                UsageFault_Handler
                0x080003f0                SPI1_IRQHandler
                0x080003f0                TAMPER_IRQHandler
                0x080003f0                TIM6_DAC_IRQHandler
                0x080003f0                DMA1_Channel4_IRQHandler
                0x080003f0                ADC1_IRQHandler
                0x080003f0                USART3_IRQHandler
                0x080003f0                RTC_IRQHandler
                0x080003f0                DMA1_Channel7_IRQHandler
                0x080003f0                TIM4_IRQHandler
                0x080003f0                I2C1_EV_IRQHandler
                0x080003f0                DMA1_Channel6_IRQHandler
                0x080003f0                TIM3_IRQHandler
                0x080003f0                RCC_IRQHandler
                0x080003f0                DMA1_Channel1_IRQHandler
                0x080003f0                Default_Handler
                0x080003f0                CEC_IRQHandler
                0x080003f0                EXTI15_10_IRQHandler
                0x080003f0                TIM7_IRQHandler
                0x080003f0                EXTI9_5_IRQHandler
                0x080003f0                MemManage_Handler
                0x080003f0                SVC_Handler
                0x080003f0                DMA1_Channel5_IRQHandler
                0x080003f0                EXTI4_IRQHandler
                0x080003f0                TIM1_TRG_COM_TIM17_IRQHandler
                0x080003f0                DMA1_Channel3_IRQHandler
                0x080003f0                WWDG_IRQHandler
                0x080003f0                TIM2_IRQHandler
                0x080003f0                EXTI1_IRQHandler
                0x080003f0                USART2_IRQHandler
                0x080003f0                DMA1_Channel2_IRQHandler
                0x080003f0                FLASH_IRQHandler
                0x080003f0                BusFault_Handler
                0x080003f0                USART1_IRQHandler
                0x080003f0                I2C1_ER_IRQHandler
                0x080003f0                TIM1_BRK_TIM15_IRQHandler
 *(.glue_7)
 .glue_7        0x080003f2        0x0 linker stubs
 *(.glue_7t)
 .glue_7t       0x080003f2        0x0 linker stubs
 *(.eh_frame)
 *(.init)
 *(.fini)
                0x080003f4                . = ALIGN (0x4)
 *fill*         0x080003f2        0x2 
                0x080003f4                _etext = .

.vfp11_veneer   0x080003f4        0x0
 .vfp11_veneer  0x080003f4        0x0 linker stubs

.v4_bx          0x080003f4        0x0
 .v4_bx         0x080003f4        0x0 linker stubs

.iplt           0x080003f4        0x0
 .iplt          0x080003f4        0x0 CMSIS\Device\ST\STM32F1xx\Source\Templates\gcc\startup_stm32f100xb.o

.rodata         0x080003f4       0x18
                0x080003f4                . = ALIGN (0x4)
 *(.rodata)
 .rodata        0x080003f4       0x18 CMSIS\Device\ST\STM32F1xx\Source\Templates\system_stm32f1xx.o
                0x080003f4                AHBPrescTable
                0x08000404                APBPrescTable
 *(.rodata*)
                0x0800040c                . = ALIGN (0x4)

.rel.dyn        0x0800040c        0x0
 .rel.iplt      0x0800040c        0x0 CMSIS\Device\ST\STM32F1xx\Source\Templates\gcc\startup_stm32f100xb.o

.ARM.extab
 *(.ARM.extab* .gnu.linkonce.armextab.*)

.ARM            0x0800040c        0x0
                0x0800040c                __exidx_start = .
 *(.ARM.exidx*)
                0x0800040c                __exidx_end = .

.preinit_array  0x0800040c        0x0
                [!provide]                PROVIDE (__preinit_array_start, .)
 *(.preinit_array*)
                [!provide]                PROVIDE (__preinit_array_end, .)

.init_array     0x0800040c        0x0
                [!provide]                PROVIDE (__init_array_start, .)
 *(SORT(.init_array.*))
 *(.init_array*)
                [!provide]                PROVIDE (__init_array_end, .)

.fini_array     0x0800040c        0x0
                [!provide]                PROVIDE (__fini_array_start, .)
 *(SORT(.fini_array.*))
 *(.fini_array*)
                [!provide]                PROVIDE (__fini_array_end, .)
                0x0800040c                _sidata = LOADADDR (.data)

.data           0x20000000        0x4 load address 0x0800040c
                0x20000000                . = ALIGN (0x4)
                0x20000000                _sdata = .
 *(.data)
 .data          0x20000000        0x4 CMSIS\Device\ST\STM32F1xx\Source\Templates\system_stm32f1xx.o
                0x20000000                SystemCoreClock
 *(.data*)
                0x20000004                . = ALIGN (0x4)
                0x20000004                _edata = .

.igot.plt       0x20000004        0x0 load address 0x08000410
 .igot.plt      0x20000004        0x0 CMSIS\Device\ST\STM32F1xx\Source\Templates\gcc\startup_stm32f100xb.o
                0x20000004                . = ALIGN (0x4)

.bss            0x20000004        0x0 load address 0x08000410
                0x20000004                _sbss = .
                0x20000004                __bss_start__ = _sbss
 *(.bss)
 *(.bss*)
 *(COMMON)
                0x20000004                . = ALIGN (0x4)
                0x20000004                _ebss = .
                0x20000004                __bss_end__ = _ebss

._user_heap_stack
                0x20000004       0x80 load address 0x08000410
                0x20000004                . = ALIGN (0x4)
                0x20000004                PROVIDE (end, .)
                [!provide]                PROVIDE (_end, .)
                0x20000004                . = (. + _Min_Heap_Size)
                0x20000084                . = (. + _Min_Stack_Size)
 *fill*         0x20000004       0x80 
                0x20000084                . = ALIGN (0x4)

.memory_b1_text
 *(.mb1text)
 *(.mb1text*)
 *(.mb1rodata)
 *(.mb1rodata*)

/DISCARD/
 libc.a(*)
 libm.a(*)
 libgcc.a(*)

.ARM.attributes
                0x00000000       0x2f
 *(.ARM.attributes)
 .ARM.attributes
                0x00000000       0x21 CMSIS\Device\ST\STM32F1xx\Source\Templates\gcc\startup_stm32f100xb.o
 .ARM.attributes
                0x00000021       0x33 CMSIS\Device\ST\STM32F1xx\Source\Templates\system_stm32f1xx.o
 .ARM.attributes
                0x00000054       0x33 User\src\gpio.o
 .ARM.attributes
                0x00000087       0x33 User\src\main.o
OUTPUT(BLINK.elf elf32-littlearm)

.debug_line     0x00000000      0x696
 .debug_line    0x00000000       0xa3 CMSIS\Device\ST\STM32F1xx\Source\Templates\gcc\startup_stm32f100xb.o
 .debug_line    0x000000a3      0x228 CMSIS\Device\ST\STM32F1xx\Source\Templates\system_stm32f1xx.o
 .debug_line    0x000002cb      0x1cf User\src\gpio.o
 .debug_line    0x0000049a      0x1fc User\src\main.o

.debug_info     0x00000000      0x899
 .debug_info    0x00000000       0x91 CMSIS\Device\ST\STM32F1xx\Source\Templates\gcc\startup_stm32f100xb.o
 .debug_info    0x00000091      0x3f7 CMSIS\Device\ST\STM32F1xx\Source\Templates\system_stm32f1xx.o
 .debug_info    0x00000488      0x24e User\src\gpio.o
 .debug_info    0x000006d6      0x1c3 User\src\main.o

.debug_abbrev   0x00000000      0x2ec
 .debug_abbrev  0x00000000       0x12 CMSIS\Device\ST\STM32F1xx\Source\Templates\gcc\startup_stm32f100xb.o
 .debug_abbrev  0x00000012      0x11d CMSIS\Device\ST\STM32F1xx\Source\Templates\system_stm32f1xx.o
 .debug_abbrev  0x0000012f       0xc9 User\src\gpio.o
 .debug_abbrev  0x000001f8       0xf4 User\src\main.o

.debug_aranges  0x00000000       0x88
 .debug_aranges
                0x00000000       0x28 CMSIS\Device\ST\STM32F1xx\Source\Templates\gcc\startup_stm32f100xb.o
 .debug_aranges
                0x00000028       0x20 CMSIS\Device\ST\STM32F1xx\Source\Templates\system_stm32f1xx.o
 .debug_aranges
                0x00000048       0x20 User\src\gpio.o
 .debug_aranges
                0x00000068       0x20 User\src\main.o

.debug_ranges   0x00000000       0x20
 .debug_ranges  0x00000000       0x20 CMSIS\Device\ST\STM32F1xx\Source\Templates\gcc\startup_stm32f100xb.o

.debug_str      0x00000000      0x2cd
 .debug_str     0x00000000      0x27b CMSIS\Device\ST\STM32F1xx\Source\Templates\system_stm32f1xx.o
                                0x2c8 (size before relaxing)
 .debug_str     0x0000027b       0x34 User\src\gpio.o
                                0x226 (size before relaxing)
 .debug_str     0x000002af       0x1e User\src\main.o
                                0x1d8 (size before relaxing)

.comment        0x00000000       0x7c
 .comment       0x00000000       0x7c CMSIS\Device\ST\STM32F1xx\Source\Templates\system_stm32f1xx.o
                                 0x7d (size before relaxing)
 .comment       0x0000007c       0x7d User\src\gpio.o
 .comment       0x0000007c       0x7d User\src\main.o

.debug_frame    0x00000000       0xdc
 .debug_frame   0x00000000       0x58 CMSIS\Device\ST\STM32F1xx\Source\Templates\system_stm32f1xx.o
 .debug_frame   0x00000058       0x30 User\src\gpio.o
 .debug_frame   0x00000088       0x54 User\src\main.o

Cross Reference Table

Symbol                                            File
ADC1_IRQHandler                                   CMSIS\Device\ST\STM32F1xx\Source\Templates\gcc\startup_stm32f100xb.o
AHBPrescTable                                     CMSIS\Device\ST\STM32F1xx\Source\Templates\system_stm32f1xx.o
APBPrescTable                                     CMSIS\Device\ST\STM32F1xx\Source\Templates\system_stm32f1xx.o
BusFault_Handler                                  CMSIS\Device\ST\STM32F1xx\Source\Templates\gcc\startup_stm32f100xb.o
CEC_IRQHandler                                    CMSIS\Device\ST\STM32F1xx\Source\Templates\gcc\startup_stm32f100xb.o
CLK_Init                                          User\src\clk.o
DMA1_Channel1_IRQHandler                          CMSIS\Device\ST\STM32F1xx\Source\Templates\gcc\startup_stm32f100xb.o
DMA1_Channel2_IRQHandler                          CMSIS\Device\ST\STM32F1xx\Source\Templates\gcc\startup_stm32f100xb.o
DMA1_Channel3_IRQHandler                          CMSIS\Device\ST\STM32F1xx\Source\Templates\gcc\startup_stm32f100xb.o
DMA1_Channel4_IRQHandler                          CMSIS\Device\ST\STM32F1xx\Source\Templates\gcc\startup_stm32f100xb.o
DMA1_Channel5_IRQHandler                          CMSIS\Device\ST\STM32F1xx\Source\Templates\gcc\startup_stm32f100xb.o
DMA1_Channel6_IRQHandler                          CMSIS\Device\ST\STM32F1xx\Source\Templates\gcc\startup_stm32f100xb.o
DMA1_Channel7_IRQHandler                          CMSIS\Device\ST\STM32F1xx\Source\Templates\gcc\startup_stm32f100xb.o
DebugMon_Handler                                  CMSIS\Device\ST\STM32F1xx\Source\Templates\gcc\startup_stm32f100xb.o
Default_Handler                                   CMSIS\Device\ST\STM32F1xx\Source\Templates\gcc\startup_stm32f100xb.o
Delay                                             User\src\main.o
EXTI0_IRQHandler                                  CMSIS\Device\ST\STM32F1xx\Source\Templates\gcc\startup_stm32f100xb.o
EXTI15_10_IRQHandler                              CMSIS\Device\ST\STM32F1xx\Source\Templates\gcc\startup_stm32f100xb.o
EXTI1_IRQHandler                                  CMSIS\Device\ST\STM32F1xx\Source\Templates\gcc\startup_stm32f100xb.o
EXTI2_IRQHandler                                  CMSIS\Device\ST\STM32F1xx\Source\Templates\gcc\startup_stm32f100xb.o
EXTI3_IRQHandler                                  CMSIS\Device\ST\STM32F1xx\Source\Templates\gcc\startup_stm32f100xb.o
EXTI4_IRQHandler                                  CMSIS\Device\ST\STM32F1xx\Source\Templates\gcc\startup_stm32f100xb.o
EXTI9_5_IRQHandler                                CMSIS\Device\ST\STM32F1xx\Source\Templates\gcc\startup_stm32f100xb.o
FLASH_IRQHandler                                  CMSIS\Device\ST\STM32F1xx\Source\Templates\gcc\startup_stm32f100xb.o
GPIO_Init                                         User\src\gpio.o
                                                  User\src\main.o
HardFault_Handler                                 CMSIS\Device\ST\STM32F1xx\Source\Templates\gcc\startup_stm32f100xb.o
I2C1_ER_IRQHandler                                CMSIS\Device\ST\STM32F1xx\Source\Templates\gcc\startup_stm32f100xb.o
I2C1_EV_IRQHandler                                CMSIS\Device\ST\STM32F1xx\Source\Templates\gcc\startup_stm32f100xb.o
I2C2_ER_IRQHandler                                CMSIS\Device\ST\STM32F1xx\Source\Templates\gcc\startup_stm32f100xb.o
I2C2_EV_IRQHandler                                CMSIS\Device\ST\STM32F1xx\Source\Templates\gcc\startup_stm32f100xb.o
MemManage_Handler                                 CMSIS\Device\ST\STM32F1xx\Source\Templates\gcc\startup_stm32f100xb.o
NMI_Handler                                       CMSIS\Device\ST\STM32F1xx\Source\Templates\gcc\startup_stm32f100xb.o
PVD_IRQHandler                                    CMSIS\Device\ST\STM32F1xx\Source\Templates\gcc\startup_stm32f100xb.o
PendSV_Handler                                    CMSIS\Device\ST\STM32F1xx\Source\Templates\gcc\startup_stm32f100xb.o
RCC_IRQHandler                                    CMSIS\Device\ST\STM32F1xx\Source\Templates\gcc\startup_stm32f100xb.o
RTC_Alarm_IRQHandler                              CMSIS\Device\ST\STM32F1xx\Source\Templates\gcc\startup_stm32f100xb.o
RTC_IRQHandler                                    CMSIS\Device\ST\STM32F1xx\Source\Templates\gcc\startup_stm32f100xb.o
Reset_Handler                                     CMSIS\Device\ST\STM32F1xx\Source\Templates\gcc\startup_stm32f100xb.o
SPI1_IRQHandler                                   CMSIS\Device\ST\STM32F1xx\Source\Templates\gcc\startup_stm32f100xb.o
SVC_Handler                                       CMSIS\Device\ST\STM32F1xx\Source\Templates\gcc\startup_stm32f100xb.o
SysTick_Handler                                   CMSIS\Device\ST\STM32F1xx\Source\Templates\gcc\startup_stm32f100xb.o
SystemCoreClock                                   CMSIS\Device\ST\STM32F1xx\Source\Templates\system_stm32f1xx.o
SystemCoreClockUpdate                             CMSIS\Device\ST\STM32F1xx\Source\Templates\system_stm32f1xx.o
SystemInit                                        CMSIS\Device\ST\STM32F1xx\Source\Templates\system_stm32f1xx.o
                                                  CMSIS\Device\ST\STM32F1xx\Source\Templates\gcc\startup_stm32f100xb.o
TAMPER_IRQHandler                                 CMSIS\Device\ST\STM32F1xx\Source\Templates\gcc\startup_stm32f100xb.o
TIM1_BRK_TIM15_IRQHandler                         CMSIS\Device\ST\STM32F1xx\Source\Templates\gcc\startup_stm32f100xb.o
TIM1_CC_IRQHandler                                CMSIS\Device\ST\STM32F1xx\Source\Templates\gcc\startup_stm32f100xb.o
TIM1_TRG_COM_TIM17_IRQHandler                     CMSIS\Device\ST\STM32F1xx\Source\Templates\gcc\startup_stm32f100xb.o
TIM1_UP_TIM16_IRQHandler                          CMSIS\Device\ST\STM32F1xx\Source\Templates\gcc\startup_stm32f100xb.o
TIM2_IRQHandler                                   CMSIS\Device\ST\STM32F1xx\Source\Templates\gcc\startup_stm32f100xb.o
TIM3_IRQHandler                                   CMSIS\Device\ST\STM32F1xx\Source\Templates\gcc\startup_stm32f100xb.o
TIM4_IRQHandler                                   CMSIS\Device\ST\STM32F1xx\Source\Templates\gcc\startup_stm32f100xb.o
TIM6_DAC_IRQHandler                               CMSIS\Device\ST\STM32F1xx\Source\Templates\gcc\startup_stm32f100xb.o
TIM7_IRQHandler                                   CMSIS\Device\ST\STM32F1xx\Source\Templates\gcc\startup_stm32f100xb.o
USART1_IRQHandler                                 CMSIS\Device\ST\STM32F1xx\Source\Templates\gcc\startup_stm32f100xb.o
USART2_IRQHandler                                 CMSIS\Device\ST\STM32F1xx\Source\Templates\gcc\startup_stm32f100xb.o
USART3_IRQHandler                                 CMSIS\Device\ST\STM32F1xx\Source\Templates\gcc\startup_stm32f100xb.o
UsageFault_Handler                                CMSIS\Device\ST\STM32F1xx\Source\Templates\gcc\startup_stm32f100xb.o
WWDG_IRQHandler                                   CMSIS\Device\ST\STM32F1xx\Source\Templates\gcc\startup_stm32f100xb.o
__env                                             User\src\syscalls.o
__errno                                           c:/program files (x86)/atollic/truestudio for stm32 9.3.0/armtools/bin/../lib/gcc/arm-atollic-eabi/6.3.1/../../../../arm-atollic-eabi/lib/armv7-m\libc_nano.a(lib_a-errno.o)
                                                  User\src\syscalls.o
__io_getchar                                      User\src\syscalls.o
__io_putchar                                      User\src\syscalls.o
__sf_fake_stderr                                  c:/program files (x86)/atollic/truestudio for stm32 9.3.0/armtools/bin/../lib/gcc/arm-atollic-eabi/6.3.1/../../../../arm-atollic-eabi/lib/armv7-m\libc_nano.a(lib_a-impure.o)
__sf_fake_stdin                                   c:/program files (x86)/atollic/truestudio for stm32 9.3.0/armtools/bin/../lib/gcc/arm-atollic-eabi/6.3.1/../../../../arm-atollic-eabi/lib/armv7-m\libc_nano.a(lib_a-impure.o)
__sf_fake_stdout                                  c:/program files (x86)/atollic/truestudio for stm32 9.3.0/armtools/bin/../lib/gcc/arm-atollic-eabi/6.3.1/../../../../arm-atollic-eabi/lib/armv7-m\libc_nano.a(lib_a-impure.o)
_close                                            User\src\syscalls.o
_ebss                                             CMSIS\Device\ST\STM32F1xx\Source\Templates\gcc\startup_stm32f100xb.o
_edata                                            CMSIS\Device\ST\STM32F1xx\Source\Templates\gcc\startup_stm32f100xb.o
_estack                                           CMSIS\Device\ST\STM32F1xx\Source\Templates\gcc\startup_stm32f100xb.o
_execve                                           User\src\syscalls.o
_exit                                             User\src\syscalls.o
_fork                                             User\src\syscalls.o
_fstat                                            User\src\syscalls.o
_getpid                                           User\src\syscalls.o
_global_impure_ptr                                c:/program files (x86)/atollic/truestudio for stm32 9.3.0/armtools/bin/../lib/gcc/arm-atollic-eabi/6.3.1/../../../../arm-atollic-eabi/lib/armv7-m\libc_nano.a(lib_a-impure.o)
_impure_ptr                                       c:/program files (x86)/atollic/truestudio for stm32 9.3.0/armtools/bin/../lib/gcc/arm-atollic-eabi/6.3.1/../../../../arm-atollic-eabi/lib/armv7-m\libc_nano.a(lib_a-impure.o)
                                                  c:/program files (x86)/atollic/truestudio for stm32 9.3.0/armtools/bin/../lib/gcc/arm-atollic-eabi/6.3.1/../../../../arm-atollic-eabi/lib/armv7-m\libc_nano.a(lib_a-errno.o)
_isatty                                           User\src\syscalls.o
_kill                                             User\src\syscalls.o
_link                                             User\src\syscalls.o
_lseek                                            User\src\syscalls.o
_open                                             User\src\syscalls.o
_read                                             User\src\syscalls.o
_sbrk                                             User\src\syscalls.o
_sbss                                             CMSIS\Device\ST\STM32F1xx\Source\Templates\gcc\startup_stm32f100xb.o
_sdata                                            CMSIS\Device\ST\STM32F1xx\Source\Templates\gcc\startup_stm32f100xb.o
_sidata                                           CMSIS\Device\ST\STM32F1xx\Source\Templates\gcc\startup_stm32f100xb.o
_stat                                             User\src\syscalls.o
_times                                            User\src\syscalls.o
_unlink                                           User\src\syscalls.o
_wait                                             User\src\syscalls.o
_write                                            User\src\syscalls.o
end                                               User\src\syscalls.o
environ                                           User\src\syscalls.o
g_pfnVectors                                      CMSIS\Device\ST\STM32F1xx\Source\Templates\gcc\startup_stm32f100xb.o
initialise_monitor_handles                        User\src\syscalls.o
main                                              User\src\main.o
                                                  CMSIS\Device\ST\STM32F1xx\Source\Templates\gcc\startup_stm32f100xb.o
