Archive member included to satisfy reference by file (symbol)

c:/program files (x86)/atollic/truestudio for stm32 9.3.0/armtools/bin/../lib/gcc/arm-atollic-eabi/6.3.1/../../../../arm-atollic-eabi/lib/armv7-m\libc_nano.a(lib_a-errno.o)
                              User\src\syscalls.o (__errno)
c:/program files (x86)/atollic/truestudio for stm32 9.3.0/armtools/bin/../lib/gcc/arm-atollic-eabi/6.3.1/../../../../arm-atollic-eabi/lib/armv7-m\libc_nano.a(lib_a-impure.o)
                              c:/program files (x86)/atollic/truestudio for stm32 9.3.0/armtools/bin/../lib/gcc/arm-atollic-eabi/6.3.1/../../../../arm-atollic-eabi/lib/armv7-m\libc_nano.a(lib_a-errno.o) (_impure_ptr)

Discarded input sections

 .text          0x00000000       0x14 CMSIS\Device\ST\STM32F1xx\Source\Templates\gcc\startup_stm32f100xb.o
 .data          0x00000000        0x0 CMSIS\Device\ST\STM32F1xx\Source\Templates\gcc\startup_stm32f100xb.o
 .bss           0x00000000        0x0 CMSIS\Device\ST\STM32F1xx\Source\Templates\gcc\startup_stm32f100xb.o
 .bss           0x00000000        0x0 CMSIS\Device\ST\STM32F1xx\Source\Templates\system_stm32f1xx.o
 .text          0x00000000       0x64 User\src\clk.o
 .data          0x00000000        0x0 User\src\clk.o
 .bss           0x00000000        0x0 User\src\clk.o
 .comment       0x00000000       0x7d User\src\clk.o
 .ARM.attributes
                0x00000000       0x33 User\src\clk.o
 .data          0x00000000        0x0 User\src\gpio.o
 .bss           0x00000000        0x0 User\src\gpio.o
 .data          0x00000000        0x0 User\src\main.o
 .bss           0x00000000        0x0 User\src\main.o
 .text          0x00000000      0x110 User\src\syscalls.o
 .data          0x00000000        0x4 User\src\syscalls.o
 .bss           0x00000000        0x8 User\src\syscalls.o
 .comment       0x00000000       0x7d User\src\syscalls.o
 .ARM.attributes
                0x00000000       0x33 User\src\syscalls.o
 .text          0x00000000        0x0 c:/program files (x86)/atollic/truestudio for stm32 9.3.0/armtools/bin/../lib/gcc/arm-atollic-eabi/6.3.1/../../../../arm-atollic-eabi/lib/armv7-m\libc_nano.a(lib_a-errno.o)
 .data          0x00000000        0x0 c:/program files (x86)/atollic/truestudio for stm32 9.3.0/armtools/bin/../lib/gcc/arm-atollic-eabi/6.3.1/../../../../arm-atollic-eabi/lib/armv7-m\libc_nano.a(lib_a-errno.o)
 .bss           0x00000000        0x0 c:/program files (x86)/atollic/truestudio for stm32 9.3.0/armtools/bin/../lib/gcc/arm-atollic-eabi/6.3.1/../../../../arm-atollic-eabi/lib/armv7-m\libc_nano.a(lib_a-errno.o)
 .text.__errno  0x00000000        0xc c:/program files (x86)/atollic/truestudio for stm32 9.3.0/armtools/bin/../lib/gcc/arm-atollic-eabi/6.3.1/../../../../arm-atollic-eabi/lib/armv7-m\libc_nano.a(lib_a-errno.o)
 .debug_frame   0x00000000       0x20 c:/program files (x86)/atollic/truestudio for stm32 9.3.0/armtools/bin/../lib/gcc/arm-atollic-eabi/6.3.1/../../../../arm-atollic-eabi/lib/armv7-m\libc_nano.a(lib_a-errno.o)
 .ARM.attributes
                0x00000000       0x2d c:/program files (x86)/atollic/truestudio for stm32 9.3.0/armtools/bin/../lib/gcc/arm-atollic-eabi/6.3.1/../../../../arm-atollic-eabi/lib/armv7-m\libc_nano.a(lib_a-errno.o)
 .text          0x00000000        0x0 c:/program files (x86)/atollic/truestudio for stm32 9.3.0/armtools/bin/../lib/gcc/arm-atollic-eabi/6.3.1/../../../../arm-atollic-eabi/lib/armv7-m\libc_nano.a(lib_a-impure.o)
 .data          0x00000000        0x0 c:/program files (x86)/atollic/truestudio for stm32 9.3.0/armtools/bin/../lib/gcc/arm-atollic-eabi/6.3.1/../../../../arm-atollic-eabi/lib/armv7-m\libc_nano.a(lib_a-impure.o)
 .bss           0x00000000        0x0 c:/program files (x86)/atollic/truestudio for stm32 9.3.0/armtools/bin/../lib/gcc/arm-atollic-eabi/6.3.1/../../../../arm-atollic-eabi/lib/armv7-m\libc_nano.a(lib_a-impure.o)
 .data._impure_ptr
                0x00000000        0x4 c:/program files (x86)/atollic/truestudio for stm32 9.3.0/armtools/bin/../lib/gcc/arm-atollic-eabi/6.3.1/../../../../arm-atollic-eabi/lib/armv7-m\libc_nano.a(lib_a-impure.o)
 .data.impure_data
                0x00000000       0x60 c:/program files (x86)/atollic/truestudio for stm32 9.3.0/armtools/bin/../lib/gcc/arm-atollic-eabi/6.3.1/../../../../arm-atollic-eabi/lib/armv7-m\libc_nano.a(lib_a-impure.o)
 .rodata._global_impure_ptr
                0x00000000        0x4 c:/program files (x86)/atollic/truestudio for stm32 9.3.0/armtools/bin/../lib/gcc/arm-atollic-eabi/6.3.1/../../../../arm-atollic-eabi/lib/armv7-m\libc_nano.a(lib_a-impure.o)
 .ARM.attributes
                0x00000000       0x2d c:/program files (x86)/atollic/truestudio for stm32 9.3.0/armtools/bin/../lib/gcc/arm-atollic-eabi/6.3.1/../../../../arm-atollic-eabi/lib/armv7-m\libc_nano.a(lib_a-impure.o)

Memory Configuration

Name             Origin             Length             Attributes
FLASH            0x08000000         0x00020000         xr
RAM              0x20000000         0x00002000         xrw
MEMORY_B1        0x60000000         0x00000000         xr
*default*        0x00000000         0xffffffff

Linker script and memory map

LOAD CMSIS\Device\ST\STM32F1xx\Source\Templates\gcc\startup_stm32f100xb.o
LOAD CMSIS\Device\ST\STM32F1xx\Source\Templates\system_stm32f1xx.o
LOAD User\src\clk.o
LOAD User\src\gpio.o
LOAD User\src\main.o
LOAD User\src\syscalls.o
                0x00000080                malloc_getpagesize_P = 0x80
START GROUP
LOAD c:/program files (x86)/atollic/truestudio for stm32 9.3.0/armtools/bin/../lib/gcc/arm-atollic-eabi/6.3.1/../../../../arm-atollic-eabi/lib/armv7-m\libc_nano.a
LOAD c:/program files (x86)/atollic/truestudio for stm32 9.3.0/armtools/bin/../lib/gcc/arm-atollic-eabi/6.3.1/../../../../arm-atollic-eabi/lib/armv7-m\libm.a
END GROUP
                0x20002000                _estack = 0x20002000
                0x00000000                _Min_Heap_Size = 0x0
                0x00000080                _Min_Stack_Size = 0x80

.isr_vector     0x08000000      0x1d0
                0x08000000                . = ALIGN (0x4)
 *(.isr_vector)
 .isr_vector    0x08000000      0x1d0 CMSIS\Device\ST\STM32F1xx\Source\Templates\gcc\startup_stm32f100xb.o
                0x08000000                g_pfnVectors
                0x080001d0                . = ALIGN (0x4)

.text           0x080001d0      0x15c
                0x080001d0                . = ALIGN (0x4)
 *(.text)
 .text          0x080001d0       0xb4 CMSIS\Device\ST\STM32F1xx\Source\Templates\system_stm32f1xx.o
                0x080001d0                SystemInit
                0x08000220                SystemCoreClockUpdate
 .text          0x08000284       0x28 User\src\gpio.o
                0x08000284                GPIO_Init
 .text          0x080002ac       0x10 User\src\main.o
                0x080002ac                Delay
 *(.text*)
 .text.Reset_Handler
                0x080002bc       0x44 CMSIS\Device\ST\STM32F1xx\Source\Templates\gcc\startup_stm32f100xb.o
                0x080002bc                Reset_Handler
 .text.Default_Handler
                0x08000300        0x2 CMSIS\Device\ST\STM32F1xx\Source\Templates\gcc\startup_stm32f100xb.o
                0x08000300                RTC_Alarm_IRQHandler
                0x08000300                EXTI2_IRQHandler
                0x08000300                DebugMon_Handler
                0x08000300                TIM1_CC_IRQHandler
                0x08000300                HardFault_Handler
                0x08000300                SysTick_Handler
                0x08000300                PVD_IRQHandler
                0x08000300                PendSV_Handler
                0x08000300                NMI_Handler
                0x08000300                EXTI3_IRQHandler
                0x08000300                EXTI0_IRQHandler
                0x08000300                TIM1_UP_TIM16_IRQHandler
                0x08000300                UsageFault_Handler
                0x08000300                SPI1_IRQHandler
                0x08000300                TAMPER_IRQHandler
                0x08000300                TIM6_DAC_IRQHandler
                0x08000300                DMA1_Channel4_IRQHandler
                0x08000300                ADC1_IRQHandler
                0x08000300                USART3_IRQHandler
                0x08000300                RTC_IRQHandler
                0x08000300                DMA1_Channel7_IRQHandler
                0x08000300                TIM4_IRQHandler
                0x08000300                I2C1_EV_IRQHandler
                0x08000300                DMA1_Channel6_IRQHandler
                0x08000300                TIM3_IRQHandler
                0x08000300                RCC_IRQHandler
                0x08000300                DMA1_Channel1_IRQHandler
                0x08000300                Default_Handler
                0x08000300                CEC_IRQHandler
                0x08000300                EXTI15_10_IRQHandler
                0x08000300                TIM7_IRQHandler
                0x08000300                EXTI9_5_IRQHandler
                0x08000300                MemManage_Handler
                0x08000300                SVC_Handler
                0x08000300                DMA1_Channel5_IRQHandler
                0x08000300                EXTI4_IRQHandler
                0x08000300                TIM1_TRG_COM_TIM17_IRQHandler
                0x08000300                DMA1_Channel3_IRQHandler
                0x08000300                WWDG_IRQHandler
                0x08000300                TIM2_IRQHandler
                0x08000300                EXTI1_IRQHandler
                0x08000300                USART2_IRQHandler
                0x08000300                DMA1_Channel2_IRQHandler
                0x08000300                FLASH_IRQHandler
                0x08000300                BusFault_Handler
                0x08000300                USART1_IRQHandler
                0x08000300                I2C1_ER_IRQHandler
                0x08000300                TIM1_BRK_TIM15_IRQHandler
 *fill*         0x08000302        0x2 
 .text.startup  0x08000304       0x28 User\src\main.o
                0x08000304                main
 *(.glue_7)
 .glue_7        0x0800032c        0x0 linker stubs
 *(.glue_7t)
 .glue_7t       0x0800032c        0x0 linker stubs
 *(.eh_frame)
 *(.init)
                0x0800032c                . = ALIGN (0x4)
                0x0800032c                _etext = .

.vfp11_veneer   0x0800032c        0x0
 .vfp11_veneer  0x0800032c        0x0 linker stubs

.v4_bx          0x0800032c        0x0
 .v4_bx         0x0800032c        0x0 linker stubs

.iplt           0x0800032c        0x0
 .iplt          0x0800032c        0x0 CMSIS\Device\ST\STM32F1xx\Source\Templates\gcc\startup_stm32f100xb.o

.rodata         0x0800032c       0x18
                0x0800032c                . = ALIGN (0x4)
 *(.rodata)
 .rodata        0x0800032c       0x18 CMSIS\Device\ST\STM32F1xx\Source\Templates\system_stm32f1xx.o
                0x0800032c                AHBPrescTable
                0x0800033c                APBPrescTable
 *(.rodata*)
                0x08000344                . = ALIGN (0x4)

.rel.dyn        0x08000344        0x0
 .rel.iplt      0x08000344        0x0 CMSIS\Device\ST\STM32F1xx\Source\Templates\gcc\startup_stm32f100xb.o

.ARM.extab
 *(.ARM.extab* .gnu.linkonce.armextab.*)

.ARM            0x08000344        0x0
                0x08000344                __exidx_start = .
 *(.ARM.exidx*)
                0x08000344                __exidx_end = .

.preinit_array  0x08000344        0x0
                [!provide]                PROVIDE (__preinit_array_start, .)
 *(.preinit_array*)
                [!provide]                PROVIDE (__preinit_array_end, .)

.init_array     0x08000344        0x0
                [!provide]                PROVIDE (__init_array_start, .)
 *(SORT(.init_array.*))
 *(.init_array*)
                [!provide]                PROVIDE (__init_array_end, .)

.fini_array     0x08000344        0x0
                [!provide]                PROVIDE (__fini_array_start, .)
 *(SORT(.fini_array.*))
 *(.fini_array*)
                [!provide]                PROVIDE (__fini_array_end, .)
                0x08000344                _sidata = LOADADDR (.data)

.data           0x20000000        0x4 load address 0x08000344
                0x20000000                . = ALIGN (0x4)
                0x20000000                _sdata = .
 *(.data)
 .data          0x20000000        0x4 CMSIS\Device\ST\STM32F1xx\Source\Templates\system_stm32f1xx.o
                0x20000000                SystemCoreClock
 *(.data*)
                0x20000004                . = ALIGN (0x4)
                0x20000004                _edata = .

.igot.plt       0x20000004        0x0 load address 0x08000348
 .igot.plt      0x20000004        0x0 CMSIS\Device\ST\STM32F1xx\Source\Templates\gcc\startup_stm32f100xb.o
                0x20000004                . = ALIGN (0x4)

.bss            0x20000004        0x0 load address 0x08000348
                0x20000004                _sbss = .
                0x20000004                __bss_start__ = _sbss
 *(.bss)
 *(.bss*)
 *(COMMON)
                0x20000004                . = ALIGN (0x4)
                0x20000004                _ebss = .
                0x20000004                __bss_end__ = _ebss

._user_heap_stack
                0x20000004       0x80 load address 0x08000348
                0x20000004                . = ALIGN (0x4)
                0x20000004                PROVIDE (end, .)
                [!provide]                PROVIDE (_end, .)
                0x20000004                . = (. + _Min_Heap_Size)
                0x20000084                . = (. + _Min_Stack_Size)
 *fill*         0x20000004       0x80 
                0x20000084                . = ALIGN (0x4)

.memory_b1_text
 *(.mb1text)
 *(.mb1text*)
 *(.mb1rodata)
 *(.mb1rodata*)

/DISCARD/
 libc.a(*)
 libm.a(*)
 libgcc.a(*)

.ARM.attributes
                0x00000000       0x2f
 *(.ARM.attributes)
 .ARM.attributes
                0x00000000       0x21 CMSIS\Device\ST\STM32F1xx\Source\Templates\gcc\startup_stm32f100xb.o
 .ARM.attributes
                0x00000021       0x33 CMSIS\Device\ST\STM32F1xx\Source\Templates\system_stm32f1xx.o
 .ARM.attributes
                0x00000054       0x33 User\src\gpio.o
 .ARM.attributes
                0x00000087       0x33 User\src\main.o
OUTPUT(BLINK.elf elf32-littlearm)

.comment        0x00000000       0x7c
 .comment       0x00000000       0x7c CMSIS\Device\ST\STM32F1xx\Source\Templates\system_stm32f1xx.o
                                 0x7d (size before relaxing)
 .comment       0x0000007c       0x7d User\src\gpio.o
 .comment       0x0000007c       0x7d User\src\main.o

Cross Reference Table

Symbol                                            File
ADC1_IRQHandler                                   CMSIS\Device\ST\STM32F1xx\Source\Templates\gcc\startup_stm32f100xb.o
AHBPrescTable                                     CMSIS\Device\ST\STM32F1xx\Source\Templates\system_stm32f1xx.o
APBPrescTable                                     CMSIS\Device\ST\STM32F1xx\Source\Templates\system_stm32f1xx.o
BusFault_Handler                                  CMSIS\Device\ST\STM32F1xx\Source\Templates\gcc\startup_stm32f100xb.o
CEC_IRQHandler                                    CMSIS\Device\ST\STM32F1xx\Source\Templates\gcc\startup_stm32f100xb.o
CLK_Init                                          User\src\clk.o
DMA1_Channel1_IRQHandler                          CMSIS\Device\ST\STM32F1xx\Source\Templates\gcc\startup_stm32f100xb.o
DMA1_Channel2_IRQHandler                          CMSIS\Device\ST\STM32F1xx\Source\Templates\gcc\startup_stm32f100xb.o
DMA1_Channel3_IRQHandler                          CMSIS\Device\ST\STM32F1xx\Source\Templates\gcc\startup_stm32f100xb.o
DMA1_Channel4_IRQHandler                          CMSIS\Device\ST\STM32F1xx\Source\Templates\gcc\startup_stm32f100xb.o
DMA1_Channel5_IRQHandler                          CMSIS\Device\ST\STM32F1xx\Source\Templates\gcc\startup_stm32f100xb.o
DMA1_Channel6_IRQHandler                          CMSIS\Device\ST\STM32F1xx\Source\Templates\gcc\startup_stm32f100xb.o
DMA1_Channel7_IRQHandler                          CMSIS\Device\ST\STM32F1xx\Source\Templates\gcc\startup_stm32f100xb.o
DebugMon_Handler                                  CMSIS\Device\ST\STM32F1xx\Source\Templates\gcc\startup_stm32f100xb.o
Default_Handler                                   CMSIS\Device\ST\STM32F1xx\Source\Templates\gcc\startup_stm32f100xb.o
Delay                                             User\src\main.o
EXTI0_IRQHandler                                  CMSIS\Device\ST\STM32F1xx\Source\Templates\gcc\startup_stm32f100xb.o
EXTI15_10_IRQHandler                              CMSIS\Device\ST\STM32F1xx\Source\Templates\gcc\startup_stm32f100xb.o
EXTI1_IRQHandler                                  CMSIS\Device\ST\STM32F1xx\Source\Templates\gcc\startup_stm32f100xb.o
EXTI2_IRQHandler                                  CMSIS\Device\ST\STM32F1xx\Source\Templates\gcc\startup_stm32f100xb.o
EXTI3_IRQHandler                                  CMSIS\Device\ST\STM32F1xx\Source\Templates\gcc\startup_stm32f100xb.o
EXTI4_IRQHandler                                  CMSIS\Device\ST\STM32F1xx\Source\Templates\gcc\startup_stm32f100xb.o
EXTI9_5_IRQHandler                                CMSIS\Device\ST\STM32F1xx\Source\Templates\gcc\startup_stm32f100xb.o
FLASH_IRQHandler                                  CMSIS\Device\ST\STM32F1xx\Source\Templates\gcc\startup_stm32f100xb.o
GPIO_Init                                         User\src\gpio.o
                                                  User\src\main.o
HardFault_Handler                                 CMSIS\Device\ST\STM32F1xx\Source\Templates\gcc\startup_stm32f100xb.o
I2C1_ER_IRQHandler                                CMSIS\Device\ST\STM32F1xx\Source\Templates\gcc\startup_stm32f100xb.o
I2C1_EV_IRQHandler                                CMSIS\Device\ST\STM32F1xx\Source\Templates\gcc\startup_stm32f100xb.o
I2C2_ER_IRQHandler                                CMSIS\Device\ST\STM32F1xx\Source\Templates\gcc\startup_stm32f100xb.o
I2C2_EV_IRQHandler                                CMSIS\Device\ST\STM32F1xx\Source\Templates\gcc\startup_stm32f100xb.o
MemManage_Handler                                 CMSIS\Device\ST\STM32F1xx\Source\Templates\gcc\startup_stm32f100xb.o
NMI_Handler                                       CMSIS\Device\ST\STM32F1xx\Source\Templates\gcc\startup_stm32f100xb.o
PVD_IRQHandler                                    CMSIS\Device\ST\STM32F1xx\Source\Templates\gcc\startup_stm32f100xb.o
PendSV_Handler                                    CMSIS\Device\ST\STM32F1xx\Source\Templates\gcc\startup_stm32f100xb.o
RCC_IRQHandler                                    CMSIS\Device\ST\STM32F1xx\Source\Templates\gcc\startup_stm32f100xb.o
RTC_Alarm_IRQHandler                              CMSIS\Device\ST\STM32F1xx\Source\Templates\gcc\startup_stm32f100xb.o
RTC_IRQHandler                                    CMSIS\Device\ST\STM32F1xx\Source\Templates\gcc\startup_stm32f100xb.o
Reset_Handler                                     CMSIS\Device\ST\STM32F1xx\Source\Templates\gcc\startup_stm32f100xb.o
SPI1_IRQHandler                                   CMSIS\Device\ST\STM32F1xx\Source\Templates\gcc\startup_stm32f100xb.o
SVC_Handler                                       CMSIS\Device\ST\STM32F1xx\Source\Templates\gcc\startup_stm32f100xb.o
SysTick_Handler                                   CMSIS\Device\ST\STM32F1xx\Source\Templates\gcc\startup_stm32f100xb.o
SystemCoreClock                                   CMSIS\Device\ST\STM32F1xx\Source\Templates\system_stm32f1xx.o
SystemCoreClockUpdate                             CMSIS\Device\ST\STM32F1xx\Source\Templates\system_stm32f1xx.o
SystemInit                                        CMSIS\Device\ST\STM32F1xx\Source\Templates\system_stm32f1xx.o
                                                  CMSIS\Device\ST\STM32F1xx\Source\Templates\gcc\startup_stm32f100xb.o
TAMPER_IRQHandler                                 CMSIS\Device\ST\STM32F1xx\Source\Templates\gcc\startup_stm32f100xb.o
TIM1_BRK_TIM15_IRQHandler                         CMSIS\Device\ST\STM32F1xx\Source\Templates\gcc\startup_stm32f100xb.o
TIM1_CC_IRQHandler                                CMSIS\Device\ST\STM32F1xx\Source\Templates\gcc\startup_stm32f100xb.o
TIM1_TRG_COM_TIM17_IRQHandler                     CMSIS\Device\ST\STM32F1xx\Source\Templates\gcc\startup_stm32f100xb.o
TIM1_UP_TIM16_IRQHandler                          CMSIS\Device\ST\STM32F1xx\Source\Templates\gcc\startup_stm32f100xb.o
TIM2_IRQHandler                                   CMSIS\Device\ST\STM32F1xx\Source\Templates\gcc\startup_stm32f100xb.o
TIM3_IRQHandler                                   CMSIS\Device\ST\STM32F1xx\Source\Templates\gcc\startup_stm32f100xb.o
TIM4_IRQHandler                                   CMSIS\Device\ST\STM32F1xx\Source\Templates\gcc\startup_stm32f100xb.o
TIM6_DAC_IRQHandler                               CMSIS\Device\ST\STM32F1xx\Source\Templates\gcc\startup_stm32f100xb.o
TIM7_IRQHandler                                   CMSIS\Device\ST\STM32F1xx\Source\Templates\gcc\startup_stm32f100xb.o
USART1_IRQHandler                                 CMSIS\Device\ST\STM32F1xx\Source\Templates\gcc\startup_stm32f100xb.o
USART2_IRQHandler                                 CMSIS\Device\ST\STM32F1xx\Source\Templates\gcc\startup_stm32f100xb.o
USART3_IRQHandler                                 CMSIS\Device\ST\STM32F1xx\Source\Templates\gcc\startup_stm32f100xb.o
UsageFault_Handler                                CMSIS\Device\ST\STM32F1xx\Source\Templates\gcc\startup_stm32f100xb.o
WWDG_IRQHandler                                   CMSIS\Device\ST\STM32F1xx\Source\Templates\gcc\startup_stm32f100xb.o
__env                                             User\src\syscalls.o
__errno                                           c:/program files (x86)/atollic/truestudio for stm32 9.3.0/armtools/bin/../lib/gcc/arm-atollic-eabi/6.3.1/../../../../arm-atollic-eabi/lib/armv7-m\libc_nano.a(lib_a-errno.o)
                                                  User\src\syscalls.o
__io_getchar                                      User\src\syscalls.o
__io_putchar                                      User\src\syscalls.o
__sf_fake_stderr                                  c:/program files (x86)/atollic/truestudio for stm32 9.3.0/armtools/bin/../lib/gcc/arm-atollic-eabi/6.3.1/../../../../arm-atollic-eabi/lib/armv7-m\libc_nano.a(lib_a-impure.o)
__sf_fake_stdin                                   c:/program files (x86)/atollic/truestudio for stm32 9.3.0/armtools/bin/../lib/gcc/arm-atollic-eabi/6.3.1/../../../../arm-atollic-eabi/lib/armv7-m\libc_nano.a(lib_a-impure.o)
__sf_fake_stdout                                  c:/program files (x86)/atollic/truestudio for stm32 9.3.0/armtools/bin/../lib/gcc/arm-atollic-eabi/6.3.1/../../../../arm-atollic-eabi/lib/armv7-m\libc_nano.a(lib_a-impure.o)
_close                                            User\src\syscalls.o
_ebss                                             CMSIS\Device\ST\STM32F1xx\Source\Templates\gcc\startup_stm32f100xb.o
_edata                                            CMSIS\Device\ST\STM32F1xx\Source\Templates\gcc\startup_stm32f100xb.o
_estack                                           CMSIS\Device\ST\STM32F1xx\Source\Templates\gcc\startup_stm32f100xb.o
_execve                                           User\src\syscalls.o
_exit                                             User\src\syscalls.o
_fork                                             User\src\syscalls.o
_fstat                                            User\src\syscalls.o
_getpid                                           User\src\syscalls.o
_global_impure_ptr                                c:/program files (x86)/atollic/truestudio for stm32 9.3.0/armtools/bin/../lib/gcc/arm-atollic-eabi/6.3.1/../../../../arm-atollic-eabi/lib/armv7-m\libc_nano.a(lib_a-impure.o)
_impure_ptr                                       c:/program files (x86)/atollic/truestudio for stm32 9.3.0/armtools/bin/../lib/gcc/arm-atollic-eabi/6.3.1/../../../../arm-atollic-eabi/lib/armv7-m\libc_nano.a(lib_a-impure.o)
                                                  c:/program files (x86)/atollic/truestudio for stm32 9.3.0/armtools/bin/../lib/gcc/arm-atollic-eabi/6.3.1/../../../../arm-atollic-eabi/lib/armv7-m\libc_nano.a(lib_a-errno.o)
_isatty                                           User\src\syscalls.o
_kill                                             User\src\syscalls.o
_link                                             User\src\syscalls.o
_lseek                                            User\src\syscalls.o
_open                                             User\src\syscalls.o
_read                                             User\src\syscalls.o
_sbrk                                             User\src\syscalls.o
_sbss                                             CMSIS\Device\ST\STM32F1xx\Source\Templates\gcc\startup_stm32f100xb.o
_sdata                                            CMSIS\Device\ST\STM32F1xx\Source\Templates\gcc\startup_stm32f100xb.o
_sidata                                           CMSIS\Device\ST\STM32F1xx\Source\Templates\gcc\startup_stm32f100xb.o
_stat                                             User\src\syscalls.o
_times                                            User\src\syscalls.o
_unlink                                           User\src\syscalls.o
_wait                                             User\src\syscalls.o
_write                                            User\src\syscalls.o
end                                               User\src\syscalls.o
environ                                           User\src\syscalls.o
g_pfnVectors                                      CMSIS\Device\ST\STM32F1xx\Source\Templates\gcc\startup_stm32f100xb.o
initialise_monitor_handles                        User\src\syscalls.o
main                                              User\src\main.o
                                                  CMSIS\Device\ST\STM32F1xx\Source\Templates\gcc\startup_stm32f100xb.o
